// Jest Snapshot v1, https://goo.gl/fbAQLP

exports[`Spinner Component inital Loading when Content not present Should Render 1`] = `
<DocumentFragment>
  <div
    class="w-9/12 mx-auto border border-gray-300 shadow rounded-md p-4"
    data-testid="loading"
  >
    <div
      class="animate-pulse flex space-x-4"
    >
      <div
        class="flex-1 space-y-4 py-1"
      >
        <div
          class="h-4 bg-gray-400 rounded w-3/4"
        />
        <div
          class="space-y-2"
        >
          <div
            class="h-4 bg-gray-400 rounded"
          />
          <div
            class="h-4 bg-gray-400 rounded w-5/6"
          />
        </div>
      </div>
    </div>
    <div
      class="animate-pulse flex space-x-4"
    >
      <div
        class="flex-1 space-y-4 py-1"
      >
        <div
          class="h-4 bg-gray-400 rounded w-3/4"
        />
        <div
          class="space-y-2"
        >
          <div
            class="h-4 bg-gray-400 rounded"
          />
          <div
            class="h-4 bg-gray-400 rounded w-5/6"
          />
        </div>
      </div>
    </div>
    <div
      class="animate-pulse flex space-x-4"
    >
      <div
        class="flex-1 space-y-4 py-1"
      >
        <div
          class="h-4 bg-gray-400 rounded w-3/4"
        />
        <div
          class="space-y-2"
        >
          <div
            class="h-4 bg-gray-400 rounded"
          />
          <div
            class="h-4 bg-gray-400 rounded w-5/6"
          />
        </div>
      </div>
    </div>
  </div>
</DocumentFragment>
`;
